// Jest Snapshot v1, https://goo.gl/fbAQLP

exports[`Stack defualt(only required arguments) Testing Should match snapshot 1`] = `
{
  "Parameters": {
    "BootstrapVersion": {
      "Default": "/cdk-bootstrap/hnb659fds/version",
      "Description": "Version of the CDK Bootstrap resources in this environment, automatically retrieved from SSM Parameter Store. [cdk:skip]",
      "Type": "AWS::SSM::Parameter::Value<String>",
    },
  },
  "Resources": {
    "CostReporterFunctionCC5EF621": {
      "DependsOn": [
        "LambdaExecutionRoleD5C26073",
      ],
      "Properties": {
        "Code": {
          "S3Bucket": {
            "Fn::Sub": "cdk-hnb659fds-assets-\${AWS::AccountId}-\${AWS::Region}",
          },
          "S3Key": "HASH.zip",
        },
        "Description": "A function to archive logs s3 bucket from CloudWatch Logs.",
        "Environment": {
          "Variables": {
            "AWS_NODEJS_CONNECTION_REUSE_ENABLED": "1",
            "SLACK_CHANNEL": "example-channel",
            "SLACK_TOKEN": "xoxb-11111111111-XXXXXXXXXXXXX-XXXXXXXXXXXXXXXXXXXXXXXX",
          },
        },
        "Handler": "index.handler",
        "Role": {
          "Fn::GetAtt": [
            "LambdaExecutionRoleD5C26073",
            "Arn",
          ],
        },
        "Runtime": "nodejs20.x",
        "Timeout": 45,
      },
      "Type": "AWS::Lambda::Function",
    },
    "LambdaExecutionRoleD5C26073": {
      "Properties": {
        "AssumeRolePolicyDocument": {
          "Statement": [
            {
              "Action": "sts:AssumeRole",
              "Effect": "Allow",
              "Principal": {
                "Service": "lambda.amazonaws.com",
              },
            },
          ],
          "Version": "2012-10-17",
        },
        "ManagedPolicyArns": [
          {
            "Fn::Join": [
              "",
              [
                "arn:",
                {
                  "Ref": "AWS::Partition",
                },
                ":iam::aws:policy/service-role/AWSLambdaBasicExecutionRole",
              ],
            ],
          },
        ],
        "Policies": [
          {
            "PolicyDocument": {
              "Statement": [
                {
                  "Action": "ce:GetCostAndUsage",
                  "Effect": "Allow",
                  "Resource": "*",
                },
              ],
              "Version": "2012-10-17",
            },
            "PolicyName": "get-cost-usage",
          },
        ],
      },
      "Type": "AWS::IAM::Role",
    },
    "Schedule": {
      "Properties": {
        "Description": "aws account const reports.",
        "FlexibleTimeWindow": {
          "Mode": "OFF",
        },
        "ScheduleExpression": "cron(1 9 * * ? *)",
        "ScheduleExpressionTimezone": "UTC",
        "State": "ENABLED",
        "Target": {
          "Arn": {
            "Fn::GetAtt": [
              "CostReporterFunctionCC5EF621",
              "Arn",
            ],
          },
          "Input": "{"Type":"Services"}",
          "RetryPolicy": {
            "MaximumEventAgeInSeconds": 60,
            "MaximumRetryAttempts": 0,
          },
          "RoleArn": {
            "Fn::GetAtt": [
              "SchedulerExecutionRole0AF092B7",
              "Arn",
            ],
          },
        },
      },
      "Type": "AWS::Scheduler::Schedule",
    },
    "SchedulerExecutionRole0AF092B7": {
      "Properties": {
        "AssumeRolePolicyDocument": {
          "Statement": [
            {
              "Action": "sts:AssumeRole",
              "Effect": "Allow",
              "Principal": {
                "Service": "scheduler.amazonaws.com",
              },
            },
          ],
          "Version": "2012-10-17",
        },
        "Policies": [
          {
            "PolicyDocument": {
              "Statement": [
                {
                  "Action": "lambda:InvokeFunction",
                  "Effect": "Allow",
                  "Resource": [
                    {
                      "Fn::GetAtt": [
                        "CostReporterFunctionCC5EF621",
                        "Arn",
                      ],
                    },
                    {
                      "Fn::Join": [
                        "",
                        [
                          {
                            "Fn::GetAtt": [
                              "CostReporterFunctionCC5EF621",
                              "Arn",
                            ],
                          },
                          ":*",
                        ],
                      ],
                    },
                  ],
                },
              ],
              "Version": "2012-10-17",
            },
            "PolicyName": "lambda-invoke-policy",
          },
        ],
      },
      "Type": "AWS::IAM::Role",
    },
  },
  "Rules": {
    "CheckBootstrapVersion": {
      "Assertions": [
        {
          "Assert": {
            "Fn::Not": [
              {
                "Fn::Contains": [
                  [
                    "1",
                    "2",
                    "3",
                    "4",
                    "5",
                  ],
                  {
                    "Ref": "BootstrapVersion",
                  },
                ],
              },
            ],
          },
          "AssertDescription": "CDK bootstrap stack version 6 required. Please run 'cdk bootstrap' with a recent version of the CDK CLI.",
        },
      ],
    },
  },
}
`;
